// Vitest Snapshot v1, https://vitest.dev/guide/snapshot.html

exports[`computeResearchMapEdgeSnapshot (harness sample) > matches routed edge geometry for a tiny closure 1`] = `
{
  "contentHeight": 286,
  "contentWidth": 248,
  "edgeCount": 2,
  "edges": [
    {
      "from": "a",
      "meta": {
        "bucketKey": "1-0",
        "fromX": 60,
        "midY": 129,
        "rankGap": 1,
        "rf": 1,
        "rt": 0,
        "toX": 36,
        "y1": 114,
        "y2": 148,
      },
      "path": "M 60 114 L 60 129 L 36 129 L 36 148",
      "to": "goal",
      "vertexCount": 4,
      "vertices": [
        [
          60,
          114,
        ],
        [
          60,
          129,
        ],
        [
          36,
          129,
        ],
        [
          36,
          148,
        ],
      ],
    },
    {
      "from": "b",
      "meta": {
        "bucketKey": "1-0",
        "fromX": 188,
        "midY": 133,
        "rankGap": 1,
        "rf": 1,
        "rt": 0,
        "toX": 84,
        "y1": 114,
        "y2": 148,
      },
      "path": "M 188 114 L 188 133 L 84 133 L 84 148",
      "to": "goal",
      "vertexCount": 4,
      "vertices": [
        [
          188,
          114,
        ],
        [
          188,
          133,
        ],
        [
          84,
          133,
        ],
        [
          84,
          148,
        ],
      ],
    },
  ],
  "maxRank": 1,
  "nodeCount": 3,
  "offsetY": 12,
  "ok": true,
  "target": "goal",
  "usesDag": true,
}
`;
